
> sermon-generator@1.0.0 build
> vite build

[36mvite v8.0.0 [32mbuilding client environment for production...[36m[39m
[2K
transforming...Γ£ô 16 modules transformed.
node.exe : [31mΓ£ù[39m 
Build failed in 57ms
At line:1 char:1
+ & "D:\/node.exe" "D:\/node_
modules/npm/bin/npm-cli.js" 
run build
+ ~~~~~~~~~~~~~~~~~~~~~~~~~~~
~~~~~~~~~~~~~~~~~~~~~~~~~~~~~
~~~~~~~~
    + CategoryInfo           
   : NotSpecified: ([31mΓ£  
  ù[39m Build failed in 5   
 7ms:String) [], RemoteEx    
ception
    + FullyQualifiedErrorId  
   : NativeCommandError
 
[31merror during build:
[31mBuild failed with 3 
errors:

[31m[PARSE_ERROR] 
Error:[0m Identifier 
`getDynamicFontSize` has 
already been declared
     [38;5;246mΓò¡[0m[38;5
;246mΓöÇ[0m[38;5;246m[[0m 
src/App.jsx:95:8 
[38;5;246m][0m
     [38;5;246mΓöé[0m
 [38;5;246m 95 Γöé[0m 
[38;5;249m [0m[38;5;249m 
[0m[38;5;249m 
[0m[38;5;249m [0m[38;5;24
9mc[0m[38;5;249mo[0m[38;5
;249mn[0m[38;5;249ms[0m[3
8;5;249mt[0m[38;5;249m [0m
getDynamicFontSize[38;5;249m
 [0m[38;5;249m=[0m[38;5;2
49m [0m[38;5;249m([0m[38;
5;249mt[0m[38;5;249me[0m[
38;5;249mx[0m[38;5;249mt[0
m[38;5;249m,[0m[38;5;249m 
[0m[38;5;249mt[0m[38;5;24
9my[0m[38;5;249mp[0m[38;5
;249me[0m[38;5;249m,[0m[3
8;5;249m [0m[38;5;249mf[0m
[38;5;249mo[0m[38;5;249mr
[0m[38;5;249mP[0m[38;5;249
mp[0m[38;5;249mt[0m[38;5;
249mx[0m[38;5;249m [0m[38
;5;249m=[0m[38;5;249m [0m
[38;5;249mf[0m[38;5;249ma[
0m[38;5;249ml[0m[38;5;249m
s[0m[38;5;249me[0m[38;5;2
49m)[0m[38;5;249m [0m[38;
5;249m=[0m[38;5;249m>[0m[
38;5;249m 
[0m[38;5;249m{[0m
 [38;5;240m    Γöé[0m      
     ΓöÇΓöÇΓöÇΓöÇΓöÇΓöÇΓöÇΓöÇ
ΓöÇΓö¼ΓöÇΓöÇΓöÇΓöÇΓöÇΓöÇΓöÇΓö
Ç  
 [38;5;240m    Γöé[0m      
              Γò░ΓöÇΓöÇΓöÇΓöÇ
ΓöÇΓöÇΓöÇΓöÇΓöÇΓöÇ 
`getDynamicFontSize` has 
already been declared here
 [38;5;240m    Γöé[0m 
 [38;5;246m440 Γöé[0m 
[38;5;249m [0m[38;5;249m 
[0m[38;5;249m 
[0m[38;5;249m [0m[38;5;24
9mc[0m[38;5;249mo[0m[38;5
;249mn[0m[38;5;249ms[0m[3
8;5;249mt[0m[38;5;249m [0m
getDynamicFontSize[38;5;249m
 [0m[38;5;249m=[0m[38;5;2
49m [0m[38;5;249m([0m[38;
5;249mt[0m[38;5;249me[0m[
38;5;249mx[0m[38;5;249mt[0
m[38;5;249m,[0m[38;5;249m 
[0m[38;5;249mt[0m[38;5;24
9my[0m[38;5;249mp[0m[38;5
;249me[0m[38;5;249m,[0m[3
8;5;249m [0m[38;5;249mi[0m
[38;5;249ms[0m[38;5;249mP
[0m[38;5;249mp[0m[38;5;249
mt[0m[38;5;249mx[0m[38;5;
249m [0m[38;5;249m=[0m[38
;5;249m [0m[38;5;249mf[0m
[38;5;249ma[0m[38;5;249ml[
0m[38;5;249ms[0m[38;5;249m
e[0m[38;5;249m)[0m[38;5;2
49m [0m[38;5;249m=[0m[38;
5;249m>[0m[38;5;249m 
[0m[38;5;249m{[0m
 [38;5;240m    Γöé[0m      
     ΓöÇΓöÇΓöÇΓöÇΓöÇΓöÇΓöÇΓöÇ
ΓöÇΓö¼ΓöÇΓöÇΓöÇΓöÇΓöÇΓöÇΓöÇΓö
Ç  
 [38;5;240m    Γöé[0m      
              Γò░ΓöÇΓöÇΓöÇΓöÇ
ΓöÇΓöÇΓöÇΓöÇΓöÇΓöÇ It can 
not be redeclared here
[38;5;246mΓöÇΓöÇΓöÇΓöÇΓöÇΓò»
[0m

[31m[PARSE_ERROR] 
Error:[0m Identifier 
`parseSermon` has already 
been declared
     [38;5;246mΓò¡[0m[38;5
;246mΓöÇ[0m[38;5;246m[[0m 
src/App.jsx:112:8 
[38;5;246m][0m
     [38;5;246mΓöé[0m
 [38;5;246m112 Γöé[0m 
[38;5;249m [0m[38;5;249m 
[0m[38;5;249m 
[0m[38;5;249m [0m[38;5;24
9mc[0m[38;5;249mo[0m[38;5
;249mn[0m[38;5;249ms[0m[3
8;5;249mt[0m[38;5;249m 
[0mparseSermon[38;5;249m [
0m[38;5;249m=[0m[38;5;249m
 [0m[38;5;249m([0m[38;5;2
49mt[0m[38;5;249me[0m[38;
5;249mx[0m[38;5;249mt[0m[
38;5;249m)[0m[38;5;249m [0
m[38;5;249m=[0m[38;5;249m>
[0m[38;5;249m 
[0m[38;5;249m{[0m
 [38;5;240m    Γöé[0m      
     ΓöÇΓöÇΓöÇΓöÇΓöÇΓö¼ΓöÇΓöÇ
ΓöÇΓöÇΓöÇ  
 [38;5;240m    Γöé[0m      
          
Γò░ΓöÇΓöÇΓöÇΓöÇΓöÇΓöÇΓöÇ 
`parseSermon` has already 
been declared here
 [38;5;240m    Γöé[0m 
 [38;5;246m463 Γöé[0m 
[38;5;249m [0m[38;5;249m 
[0m[38;5;249m 
[0m[38;5;249m [0m[38;5;24
9mc[0m[38;5;249mo[0m[38;5
;249mn[0m[38;5;249ms[0m[3
8;5;249mt[0m[38;5;249m 
[0mparseSermon[38;5;249m [
0m[38;5;249m=[0m[38;5;249m
 [0m[38;5;249m([0m[38;5;2
49m)[0m[38;5;249m [0m[38;
5;249m=[0m[38;5;249m>[0m[
38;5;249m 
[0m[38;5;249m{[0m
 [38;5;240m    Γöé[0m      
     ΓöÇΓöÇΓöÇΓöÇΓöÇΓö¼ΓöÇΓöÇ
ΓöÇΓöÇΓöÇ  
 [38;5;240m    Γöé[0m      
          
Γò░ΓöÇΓöÇΓöÇΓöÇΓöÇΓöÇΓöÇ It 
can not be redeclared here
[38;5;246mΓöÇΓöÇΓöÇΓöÇΓöÇΓò»
[0m

[31m[PARSE_ERROR] 
Error:[0m Identifier 
`getLyricFontSize` has 
already been declared
     [38;5;246mΓò¡[0m[38;5
;246mΓöÇ[0m[38;5;246m[[0m 
src/App.jsx:106:8 
[38;5;246m][0m
     [38;5;246mΓöé[0m
 [38;5;246m106 Γöé[0m 
[38;5;249m [0m[38;5;249m 
[0m[38;5;249m 
[0m[38;5;249m [0m[38;5;24
9mc[0m[38;5;249mo[0m[38;5
;249mn[0m[38;5;249ms[0m[3
8;5;249mt[0m[38;5;249m [0m
getLyricFontSize[38;5;249m 
[0m[38;5;249m=[0m[38;5;249
m [0m[38;5;249m([0m[38;5;
249ml[0m[38;5;249mi[0m[38
;5;249mn[0m[38;5;249me[0m
[38;5;249ms[0m[38;5;249m,[
0m[38;5;249m [0m[38;5;249m
f[0m[38;5;249mo[0m[38;5;2
49mr[0m[38;5;249mP[0m[38;
5;249mp[0m[38;5;249mt[0m[
38;5;249mx[0m[38;5;249m [0
m[38;5;249m=[0m[38;5;249m 
[0m[38;5;249mf[0m[38;5;24
9ma[0m[38;5;249ml[0m[38;5
;249ms[0m[38;5;249me[0m[3
8;5;249m)[0m[38;5;249m [0m
[38;5;249m=[0m[38;5;249m>
[0m[38;5;249m 
[0m[38;5;249m{[0m
 [38;5;240m    Γöé[0m      
     ΓöÇΓöÇΓöÇΓöÇΓöÇΓöÇΓöÇΓöÇ
Γö¼ΓöÇΓöÇΓöÇΓöÇΓöÇΓöÇΓöÇ  
 [38;5;240m    Γöé[0m      
             Γò░ΓöÇΓöÇΓöÇΓöÇΓ
öÇΓöÇΓöÇΓöÇΓöÇ 
`getLyricFontSize` has 
already been declared here
 [38;5;240m    Γöé[0m 
 [38;5;246m560 Γöé[0m 
[38;5;249m [0m[38;5;249m 
[0m[38;5;249m 
[0m[38;5;249m [0m[38;5;24
9mc[0m[38;5;249mo[0m[38;5
;249mn[0m[38;5;249ms[0m[3
8;5;249mt[0m[38;5;249m [0m
getLyricFontSize[38;5;249m 
[0m[38;5;249m=[0m[38;5;249
m [0m[38;5;249m([0m[38;5;
249ml[0m[38;5;249mi[0m[38
;5;249mn[0m[38;5;249me[0m
[38;5;249ms[0m[38;5;249m,[
0m[38;5;249m [0m[38;5;249m
i[0m[38;5;249ms[0m[38;5;2
49mP[0m[38;5;249mp[0m[38;
5;249mt[0m[38;5;249mx[0m[
38;5;249m [0m[38;5;249m=[0
m[38;5;249m [0m[38;5;249mf
[0m[38;5;249ma[0m[38;5;24
9ml[0m[38;5;249ms[0m[38;5
;249me[0m[38;5;249m)[0m[3
8;5;249m [0m[38;5;249m=[0m
[38;5;249m>[0m[38;5;249m 
[0m[38;5;249m{[0m
 [38;5;240m    Γöé[0m      
     ΓöÇΓöÇΓöÇΓöÇΓöÇΓöÇΓöÇΓöÇ
Γö¼ΓöÇΓöÇΓöÇΓöÇΓöÇΓöÇΓöÇ  
 [38;5;240m    Γöé[0m      
             Γò░ΓöÇΓöÇΓöÇΓöÇΓ
öÇΓöÇΓöÇΓöÇΓöÇ It can not be 
redeclared here
[38;5;246mΓöÇΓöÇΓöÇΓöÇΓöÇΓò»
[0m
[31m
    at aggregateBindingErrors
IntoJsError (file:///D:/Churc
h/sermon-generator/node_modul
es/rolldown/dist/shared/error
-CP8smW_P.mjs:48:18)
    at unwrapBindingResult (f
ile:///D:/Church/sermon-gener
ator/node_modules/rolldown/di
st/shared/error-CP8smW_P.mjs:
18:128)
    at #build (file:///D:/Chu
rch/sermon-generator/node_mod
ules/rolldown/dist/shared/rol
ldown-build-4YnQkA76.mjs:3311
:34)
    at async 
buildEnvironment (file:///D:/
Church/sermon-generator/node_
modules/vite/dist/node/chunks
/node.js:32794:64)
    at async Object.build (fi
le:///D:/Church/sermon-genera
tor/node_modules/vite/dist/no
de/chunks/node.js:33216:19)
    at async Object.buildApp 
(file:///D:/Church/sermon-gen
erator/node_modules/vite/dist
/node/chunks/node.js:33213:15
3)
    at async CAC.<anonymous> 
(file:///D:/Church/sermon-gen
erator/node_modules/vite/dist
/node/cli.js:778:3) {
  errors: [Getter/Setter]
}[39m
